
> crowdcarry@0.1.0 build
> next build

node.exe : ΓÜá Warning: 
Next.js inferred your 
workspace root, but it may 
not be correct.
At line:1 char:1
+ & "C:\Program 
Files\nodejs/node.exe" "C:\
Users\ARJUN\AppData\Roaming
\ ...
+ ~~~~~~~~~~~~~~~~~~~~~~~~~
~~~~~~~~~~~~~~~~~~~~~~~~~~~
~~~~~~~~~~~~~~~~~
    + CategoryInfo         
     : NotSpecified: (ΓÜá  
   Warning: Ne...not be    
 correct.:String) [], R    
emoteException
    + FullyQualifiedErrorI 
   d : NativeCommandError
 
 We detected multiple 
lockfiles and selected the 
directory of C:\Users\ARJUN
\package-lock.json as the 
root directory.
 To silence this warning, 
set `turbopack.root` in 
your Next.js config, or 
consider removing one of 
the lockfiles if it's not 
needed.
   See https://nextjs.org/d
ocs/app/api-reference/confi
g/next-config-js/turbopack#
root-directory for more 
information.
 Detected additional 
lockfiles: 
   * C:\Users\ARJUN\.gemini
\antigravity\scratch\crowdc
arry\package-lock.json

Γû▓ Next.js 16.2.1 (Turbopack)
- Environments: .env

  Creating an optimized production build ...
Γ£ô Compiled successfully in 4.7s
  Running TypeScript ...
  Finished TypeScript in 2.7s ...
  Collecting page data using 15 workers ...
  Generating static pages using 15 workers (0/20) ...
  Generating static pages using 15 workers (5/20) 
  Generating static pages using 15 workers (10/20) 
  Generating static pages using 15 workers (15/20) 
Γ£ô Generating static pages using 15 workers (20/20) in 258ms
  Finalizing page optimization ...

Route (app)
Γöî ╞Æ /
Γö£ ╞Æ /_not-found
Γö£ ╞Æ /api/auth/[...nextauth]
Γö£ ╞Æ /api/auth/otp/send
Γö£ ╞Æ /api/auth/otp/verify
Γö£ ╞Æ /api/deliveries
Γö£ ╞Æ /api/deliveries/[id]
Γö£ ╞Æ /api/packages
Γö£ ╞Æ /api/profile
Γö£ ╞Æ /api/trips
Γö£ ╞Æ /dashboard
Γö£ ╞Æ /earnings
Γö£ ╞Æ /help
Γö£ ╞Æ /login
Γö£ ╞Æ /packages
Γö£ ╞Æ /packages/new
Γö£ ╞Æ /profile
Γö£ ╞Æ /tracking
Γö£ ╞Æ /tracking/[id]
Γö£ ╞Æ /trips
Γöö ╞Æ /trips/new


╞Æ  (Dynamic)  server-rendered on demand

