app/earnings/page.tsx(169,18): error TS2304: Cannot find name 'Shield'.
app/tracking/[id]/page.tsx(135,22): error TS2304: Cannot find name 'Plus'.
app/tracking/[id]/page.tsx(189,18): error TS2552: Cannot find name 'Input'. Did you mean 'oninput'?
